生成启动时间为 2024/9/10 14:11:43。
     1>项目“D:\C++\c++对象模型和this指针\c++对象模型和this指针\c++对象模型和this指针.vcxproj”在节点 2 上(build 个目标)。
     1>InitializeBuildStatus:
         正在创建“Debug\c++对象模型和this指针.unsuccessfulbuild”，因为已指定“AlwaysCreate”。
       ClCompile:
         d:\c语言\VC\bin\CL.exe /c /ZI /nologo /W3 /WX- /Od /Oy- /D _UNICODE /D UNICODE /Gm /EHsc /RTC1 /MDd /GS /fp:precise /Zc:wchar_t /Zc:forScope /Fo"Debug\\" /Fd"Debug\vc100.pdb" /Gd /TP /analyze- /errorReport:prompt "03 空指针访问成员函数.cpp" "04 const修饰成员函数.cpp"
         04 const修饰成员函数.cpp
         03 空指针访问成员函数.cpp
         正在生成代码...
       Link:
         d:\c语言\VC\bin\link.exe /ERRORREPORT:PROMPT /OUT:"D:\C++\c++对象模型和this指针\Debug\c++对象模型和this指针.exe" /NOLOGO kernel32.lib user32.lib gdi32.lib winspool.lib comdlg32.lib advapi32.lib shell32.lib ole32.lib oleaut32.lib uuid.lib odbc32.lib odbccp32.lib /MANIFEST /ManifestFile:"Debug\c++对象模型和this指针.exe.intermediate.manifest" /MANIFESTUAC:"level='asInvoker' uiAccess='false'" /DEBUG /PDB:"D:\C++\c++对象模型和this指针\Debug\c++对象模型和this指针.pdb" /TLBID:1 /DYNAMICBASE /NXCOMPAT /IMPLIB:"D:\C++\c++对象模型和this指针\Debug\c++对象模型和this指针.lib" /MACHINE:X86 "Debug\01 成员变量和成员函数分开存储.obj"
         "Debug\02 this指针的使用.obj"
         "Debug\03 空指针访问成员函数.obj"
         "Debug\04 const修饰成员函数.obj"
         LINK : 没有找到 D:\C++\c++对象模型和this指针\Debug\c++对象模型和this指针.exe 或上一个增量链接没有生成它；正在执行完全链接
         c++对象模型和this指针.vcxproj -> D:\C++\c++对象模型和this指针\Debug\c++对象模型和this指针.exe
       Manifest:
         C:\Program Files (x86)\Microsoft SDKs\Windows\v7.0A\bin\mt.exe /nologo /verbose /outputresource:"D:\C++\c++对象模型和this指针\Debug\c++对象模型和this指针.exe;#1" /manifest "Debug\c++对象模型和this指针.exe.intermediate.manifest"
       FinalizeBuildStatus:
         正在删除文件“Debug\c++对象模型和this指针.unsuccessfulbuild”。
         正在对“Debug\c++对象模型和this指针.lastbuildstate”执行 Touch 任务。
     1>已完成生成项目“D:\C++\c++对象模型和this指针\c++对象模型和this指针\c++对象模型和this指针.vcxproj”(build 个目标)的操作。

生成成功。

已用时间 00:00:00.82
