生成启动时间为 2024/8/27 12:31:33。
     1>项目“D:\C++\do while练习案例：水仙花数\do while练习案例：水仙花数\do while练习案例：水仙花数.vcxproj”在节点 2 上(build 个目标)。
     1>PrepareForBuild:
         正在创建目录“D:\C++\do while练习案例：水仙花数\Debug\”。
       InitializeBuildStatus:
         正在创建“Debug\do while练习案例：水仙花数.unsuccessfulbuild”，因为已指定“AlwaysCreate”。
       ClCompile:
         d:\c语言\VC\bin\CL.exe /c /ZI /nologo /W3 /WX- /Od /Oy- /D _UNICODE /D UNICODE /Gm /EHsc /RTC1 /MDd /GS /fp:precise /Zc:wchar_t /Zc:forScope /Fo"Debug\\" /Fd"Debug\vc100.pdb" /Gd /TP /analyze- /errorReport:prompt "水仙花数.cpp"
         水仙花数.cpp
       Link:
         d:\c语言\VC\bin\link.exe /ERRORREPORT:PROMPT /OUT:"D:\C++\do while练习案例：水仙花数\Debug\do while练习案例：水仙花数.exe" /NOLOGO kernel32.lib user32.lib gdi32.lib winspool.lib comdlg32.lib advapi32.lib shell32.lib ole32.lib oleaut32.lib uuid.lib odbc32.lib odbccp32.lib /MANIFEST /ManifestFile:"Debug\do while练习案例：水仙花数.exe.intermediate.manifest" /MANIFESTUAC:"level='asInvoker' uiAccess='false'" /DEBUG /PDB:"D:\C++\do while练习案例：水仙花数\Debug\do while练习案例：水仙花数.pdb" /TLBID:1 /DYNAMICBASE /NXCOMPAT /IMPLIB:"D:\C++\do while练习案例：水仙花数\Debug\do while练习案例：水仙花数.lib" /MACHINE:X86 "Debug\水仙花数.obj"
         do while练习案例：水仙花数.vcxproj -> D:\C++\do while练习案例：水仙花数\Debug\do while练习案例：水仙花数.exe
       Manifest:
         C:\Program Files (x86)\Microsoft SDKs\Windows\v7.0A\bin\mt.exe /nologo /verbose /outputresource:"D:\C++\do while练习案例：水仙花数\Debug\do while练习案例：水仙花数.exe;#1" /manifest "Debug\do while练习案例：水仙花数.exe.intermediate.manifest"
       FinalizeBuildStatus:
         正在删除文件“Debug\do while练习案例：水仙花数.unsuccessfulbuild”。
         正在对“Debug\do while练习案例：水仙花数.lastbuildstate”执行 Touch 任务。
     1>已完成生成项目“D:\C++\do while练习案例：水仙花数\do while练习案例：水仙花数\do while练习案例：水仙花数.vcxproj”(build 个目标)的操作。

生成成功。

已用时间 00:00:01.36
