生成启动时间为 2024/8/21 15:43:04。
     1>项目“D:\C++\02 数据类型\02 数据类型\02 数据类型.vcxproj”在节点 2 上(build 个目标)。
     1>InitializeBuildStatus:
         正在创建“Debug\02 数据类型.unsuccessfulbuild”，因为已指定“AlwaysCreate”。
       ClCompile:
         d:\c语言\VC\bin\CL.exe /c /ZI /nologo /W3 /WX- /Od /Oy- /D _UNICODE /D UNICODE /Gm /EHsc /RTC1 /MDd /GS /fp:precise /Zc:wchar_t /Zc:forScope /Fo"Debug\\" /Fd"Debug\vc100.pdb" /Gd /TP /analyze- /errorReport:prompt "08 数据的输入.cpp"
         08 数据的输入.cpp
       Link:
         d:\c语言\VC\bin\link.exe /ERRORREPORT:PROMPT /OUT:"D:\C++\02 数据类型\Debug\02 数据类型.exe" /NOLOGO kernel32.lib user32.lib gdi32.lib winspool.lib comdlg32.lib advapi32.lib shell32.lib ole32.lib oleaut32.lib uuid.lib odbc32.lib odbccp32.lib /MANIFEST /ManifestFile:"Debug\02 数据类型.exe.intermediate.manifest" /MANIFESTUAC:"level='asInvoker' uiAccess='false'" /DEBUG /PDB:"D:\C++\02 数据类型\Debug\02 数据类型.pdb" /TLBID:1 /DYNAMICBASE /NXCOMPAT /IMPLIB:"D:\C++\02 数据类型\Debug\02 数据类型.lib" /MACHINE:X86 "Debug\01 整型.obj"
         "Debug\02 sizeof关键字.obj"
         "Debug\03 实型.obj"
         "Debug\04 字符型.obj"
         "Debug\05 转义字符.obj"
         "Debug\06 字符串型.obj"
         "Debug\07 布尔类型bool.obj"
         "Debug\08 数据的输入.obj"
         LINK : 没有找到 D:\C++\02 数据类型\Debug\02 数据类型.exe 或上一个增量链接没有生成它；正在执行完全链接
         02 数据类型.vcxproj -> D:\C++\02 数据类型\Debug\02 数据类型.exe
       Manifest:
         C:\Program Files (x86)\Microsoft SDKs\Windows\v7.0A\bin\mt.exe /nologo /verbose /outputresource:"D:\C++\02 数据类型\Debug\02 数据类型.exe;#1" /manifest "Debug\02 数据类型.exe.intermediate.manifest"
       FinalizeBuildStatus:
         正在删除文件“Debug\02 数据类型.unsuccessfulbuild”。
         正在对“Debug\02 数据类型.lastbuildstate”执行 Touch 任务。
     1>已完成生成项目“D:\C++\02 数据类型\02 数据类型\02 数据类型.vcxproj”(build 个目标)的操作。

生成成功。

已用时间 00:00:00.56
