生成启动时间为 2024/8/29 13:21:11。
     1>项目“D:\C++\06 函数\06 函数\06 函数.vcxproj”在节点 2 上(build 个目标)。
     1>InitializeBuildStatus:
         正在对“Debug\06 函数.unsuccessfulbuild”执行 Touch 任务。
       ClCompile:
         d:\c语言\VC\bin\CL.exe /c /ZI /nologo /W3 /WX- /Od /Oy- /D _UNICODE /D UNICODE /Gm /EHsc /RTC1 /MDd /GS /fp:precise /Zc:wchar_t /Zc:forScope /Fo"Debug\\" /Fd"Debug\vc100.pdb" /Gd /TP /analyze- /errorReport:prompt "04 函数常见的形式.cpp"
         04 函数常见的形式.cpp
       Link:
         d:\c语言\VC\bin\link.exe /ERRORREPORT:PROMPT /OUT:"D:\C++\06 函数\Debug\06 函数.exe" /NOLOGO kernel32.lib user32.lib gdi32.lib winspool.lib comdlg32.lib advapi32.lib shell32.lib ole32.lib oleaut32.lib uuid.lib odbc32.lib odbccp32.lib /MANIFEST /ManifestFile:"Debug\06 函数.exe.intermediate.manifest" /MANIFESTUAC:"level='asInvoker' uiAccess='false'" /DEBUG /PDB:"D:\C++\06 函数\Debug\06 函数.pdb" /TLBID:1 /DYNAMICBASE /NXCOMPAT /IMPLIB:"D:\C++\06 函数\Debug\06 函数.lib" /MACHINE:X86 "Debug\01 函数的定义.obj"
         "Debug\02 函数的调用.obj"
         "Debug\03 值传递.obj"
         "Debug\04 函数常见的形式.obj"
         "Debug\05 函数的声明.obj"
         06 函数.vcxproj -> D:\C++\06 函数\Debug\06 函数.exe
       Manifest:
         C:\Program Files (x86)\Microsoft SDKs\Windows\v7.0A\bin\mt.exe /nologo /verbose /outputresource:"D:\C++\06 函数\Debug\06 函数.exe;#1" /manifest "Debug\06 函数.exe.intermediate.manifest"
       FinalizeBuildStatus:
         正在删除文件“Debug\06 函数.unsuccessfulbuild”。
         正在对“Debug\06 函数.lastbuildstate”执行 Touch 任务。
     1>已完成生成项目“D:\C++\06 函数\06 函数\06 函数.vcxproj”(build 个目标)的操作。

生成成功。

已用时间 00:00:00.37
